// Jest Snapshot v1, https://goo.gl/fbAQLP

exports[`parser allows whitelisted reserved words as object properties 1`] = `
[
  Function {
    "func": Function {
      "body": Block {
        "location": {
          "end": {
            "column": 12,
            "line": 58,
          },
          "file": "",
          "start": {
            "column": 22,
            "line": 2,
          },
        },
        "statements": [
          Assignment {
            "name": {
              "isReserved": false,
              "kind": "Identifier",
              "literal": undefined,
              "location": {
                "end": {
                  "column": 22,
                  "line": 3,
                },
                "file": "",
                "start": {
                  "column": 16,
                  "line": 3,
                },
              },
              "text": "person",
            },
            "tokens": {
              "equals": {
                "isReserved": false,
                "kind": "Equal",
                "literal": undefined,
                "location": {
                  "end": {
                    "column": 24,
                    "line": 3,
                  },
                  "file": "",
                  "start": {
                    "column": 23,
                    "line": 3,
                  },
                },
                "text": "=",
              },
            },
            "value": AALiteral {
              "close": {
                "isReserved": false,
                "kind": "RightBrace",
                "literal": undefined,
                "location": {
                  "end": {
                    "column": 27,
                    "line": 3,
                  },
                  "file": "",
                  "start": {
                    "column": 26,
                    "line": 3,
                  },
                },
                "text": "}",
              },
              "elements": [],
              "open": {
                "isReserved": false,
                "kind": "LeftBrace",
                "literal": undefined,
                "location": {
                  "end": {
                    "column": 26,
                    "line": 3,
                  },
                  "file": "",
                  "start": {
                    "column": 25,
                    "line": 3,
                  },
                },
                "text": "{",
              },
            },
          },
          DottedSet {
            "name": {
              "isReserved": true,
              "kind": "Identifier",
              "literal": undefined,
              "location": {
                "end": {
                  "column": 26,
                  "line": 4,
                },
                "file": "",
                "start": {
                  "column": 23,
                  "line": 4,
                },
              },
              "text": "and",
            },
            "obj": Variable {
              "name": {
                "isReserved": false,
                "kind": "Identifier",
                "literal": undefined,
                "location": {
                  "end": {
                    "column": 22,
                    "line": 4,
                  },
                  "file": "",
                  "start": {
                    "column": 16,
                    "line": 4,
                  },
                },
                "text": "person",
              },
            },
            "value": Literal {
              "_location": {
                "end": {
                  "column": 33,
                  "line": 4,
                },
                "file": "",
                "start": {
                  "column": 29,
                  "line": 4,
                },
              },
              "value": BrsBoolean {
                "inArray": false,
                "kind": 2,
                "value": true,
              },
            },
          },
          DottedSet {
            "name": {
              "isReserved": true,
              "kind": "Identifier",
              "literal": undefined,
              "location": {
                "end": {
                  "column": 26,
                  "line": 5,
                },
                "file": "",
                "start": {
                  "column": 23,
                  "line": 5,
                },
              },
              "text": "box",
            },
            "obj": Variable {
              "name": {
                "isReserved": false,
                "kind": "Identifier",
                "literal": undefined,
                "location": {
                  "end": {
                    "column": 22,
                    "line": 5,
                  },
                  "file": "",
                  "start": {
                    "column": 16,
                    "line": 5,
                  },
                },
                "text": "person",
              },
            },
            "value": Literal {
              "_location": {
                "end": {
                  "column": 33,
                  "line": 5,
                },
                "file": "",
                "start": {
                  "column": 29,
                  "line": 5,
                },
              },
              "value": BrsBoolean {
                "inArray": false,
                "kind": 2,
                "value": true,
              },
            },
          },
          DottedSet {
            "name": {
              "isReserved": true,
              "kind": "Identifier",
              "literal": undefined,
              "location": {
                "end": {
                  "column": 28,
                  "line": 6,
                },
                "file": "",
                "start": {
                  "column": 23,
                  "line": 6,
                },
              },
              "text": "catch",
            },
            "obj": Variable {
              "name": {
                "isReserved": false,
                "kind": "Identifier",
                "literal": undefined,
                "location": {
                  "end": {
                    "column": 22,
                    "line": 6,
                  },
                  "file": "",
                  "start": {
                    "column": 16,
                    "line": 6,
                  },
                },
                "text": "person",
              },
            },
            "value": Literal {
              "_location": {
                "end": {
                  "column": 35,
                  "line": 6,
                },
                "file": "",
                "start": {
                  "column": 31,
                  "line": 6,
                },
              },
              "value": BrsBoolean {
                "inArray": false,
                "kind": 2,
                "value": true,
              },
            },
          },
          DottedSet {
            "name": {
              "isReserved": true,
              "kind": "Identifier",
              "literal": undefined,
              "location": {
                "end": {
                  "column": 35,
                  "line": 7,
                },
                "file": "",
                "start": {
                  "column": 23,
                  "line": 7,
                },
              },
              "text": "createobject",
            },
            "obj": Variable {
              "name": {
                "isReserved": false,
                "kind": "Identifier",
                "literal": undefined,
                "location": {
                  "end": {
                    "column": 22,
                    "line": 7,
                  },
                  "file": "",
                  "start": {
                    "column": 16,
                    "line": 7,
                  },
                },
                "text": "person",
              },
            },
            "value": Literal {
              "_location": {
                "end": {
                  "column": 42,
                  "line": 7,
                },
                "file": "",
                "start": {
                  "column": 38,
                  "line": 7,
                },
              },
              "value": BrsBoolean {
                "inArray": false,
                "kind": 2,
                "value": true,
              },
            },
          },
          DottedSet {
            "name": {
              "isReserved": true,
              "kind": "Identifier",
              "literal": undefined,
              "location": {
                "end": {
                  "column": 26,
                  "line": 8,
                },
                "file": "",
                "start": {
                  "column": 23,
                  "line": 8,
                },
              },
              "text": "dim",
            },
            "obj": Variable {
              "name": {
                "isReserved": false,
                "kind": "Identifier",
                "literal": undefined,
                "location": {
                  "end": {
                    "column": 22,
                    "line": 8,
                  },
                  "file": "",
                  "start": {
                    "column": 16,
                    "line": 8,
                  },
                },
                "text": "person",
              },
            },
            "value": Literal {
              "_location": {
                "end": {
                  "column": 33,
                  "line": 8,
                },
                "file": "",
                "start": {
                  "column": 29,
                  "line": 8,
                },
              },
              "value": BrsBoolean {
                "inArray": false,
                "kind": 2,
                "value": true,
              },
            },
          },
          DottedSet {
            "name": {
              "isReserved": false,
              "kind": "Identifier",
              "literal": undefined,
              "location": {
                "end": {
                  "column": 29,
                  "line": 9,
                },
                "file": "",
                "start": {
                  "column": 23,
                  "line": 9,
                },
              },
              "text": "double",
            },
            "obj": Variable {
              "name": {
                "isReserved": false,
                "kind": "Identifier",
                "literal": undefined,
                "location": {
                  "end": {
                    "column": 22,
                    "line": 9,
                  },
                  "file": "",
                  "start": {
                    "column": 16,
                    "line": 9,
                  },
                },
                "text": "person",
              },
            },
            "value": Literal {
              "_location": {
                "end": {
                  "column": 36,
                  "line": 9,
                },
                "file": "",
                "start": {
                  "column": 32,
                  "line": 9,
                },
              },
              "value": BrsBoolean {
                "inArray": false,
                "kind": 2,
                "value": true,
              },
            },
          },
          DottedSet {
            "name": {
              "isReserved": true,
              "kind": "Identifier",
              "literal": undefined,
              "location": {
                "end": {
                  "column": 27,
                  "line": 10,
                },
                "file": "",
                "start": {
                  "column": 23,
                  "line": 10,
                },
              },
              "text": "each",
            },
            "obj": Variable {
              "name": {
                "isReserved": false,
                "kind": "Identifier",
                "literal": undefined,
                "location": {
                  "end": {
                    "column": 22,
                    "line": 10,
                  },
                  "file": "",
                  "start": {
                    "column": 16,
                    "line": 10,
                  },
                },
                "text": "person",
              },
            },
            "value": Literal {
              "_location": {
                "end": {
                  "column": 34,
                  "line": 10,
                },
                "file": "",
                "start": {
                  "column": 30,
                  "line": 10,
                },
              },
              "value": BrsBoolean {
                "inArray": false,
                "kind": 2,
                "value": true,
              },
            },
          },
          DottedSet {
            "name": {
              "isReserved": true,
              "kind": "Identifier",
              "literal": undefined,
              "location": {
                "end": {
                  "column": 27,
                  "line": 11,
                },
                "file": "",
                "start": {
                  "column": 23,
                  "line": 11,
                },
              },
              "text": "else",
            },
            "obj": Variable {
              "name": {
                "isReserved": false,
                "kind": "Identifier",
                "literal": undefined,
                "location": {
                  "end": {
                    "column": 22,
                    "line": 11,
                  },
                  "file": "",
                  "start": {
                    "column": 16,
                    "line": 11,
                  },
                },
                "text": "person",
              },
            },
            "value": Literal {
              "_location": {
                "end": {
                  "column": 34,
                  "line": 11,
                },
                "file": "",
                "start": {
                  "column": 30,
                  "line": 11,
                },
              },
              "value": BrsBoolean {
                "inArray": false,
                "kind": 2,
                "value": true,
              },
            },
          },
          DottedSet {
            "name": {
              "isReserved": true,
              "kind": "Identifier",
              "literal": undefined,
              "location": {
                "end": {
                  "column": 29,
                  "line": 12,
                },
                "file": "",
                "start": {
                  "column": 23,
                  "line": 12,
                },
              },
              "text": "elseif",
            },
            "obj": Variable {
              "name": {
                "isReserved": false,
                "kind": "Identifier",
                "literal": undefined,
                "location": {
                  "end": {
                    "column": 22,
                    "line": 12,
                  },
                  "file": "",
                  "start": {
                    "column": 16,
                    "line": 12,
                  },
                },
                "text": "person",
              },
            },
            "value": Literal {
              "_location": {
                "end": {
                  "column": 36,
                  "line": 12,
                },
                "file": "",
                "start": {
                  "column": 32,
                  "line": 12,
                },
              },
              "value": BrsBoolean {
                "inArray": false,
                "kind": 2,
                "value": true,
              },
            },
          },
          DottedSet {
            "name": {
              "isReserved": false,
              "kind": "Identifier",
              "literal": undefined,
              "location": {
                "end": {
                  "column": 26,
                  "line": 13,
                },
                "file": "",
                "start": {
                  "column": 23,
                  "line": 13,
                },
              },
              "text": "end",
            },
            "obj": Variable {
              "name": {
                "isReserved": false,
                "kind": "Identifier",
                "literal": undefined,
                "location": {
                  "end": {
                    "column": 22,
                    "line": 13,
                  },
                  "file": "",
                  "start": {
                    "column": 16,
                    "line": 13,
                  },
                },
                "text": "person",
              },
            },
            "value": Literal {
              "_location": {
                "end": {
                  "column": 33,
                  "line": 13,
                },
                "file": "",
                "start": {
                  "column": 29,
                  "line": 13,
                },
              },
              "value": BrsBoolean {
                "inArray": false,
                "kind": 2,
                "value": true,
              },
            },
          },
          DottedSet {
            "name": {
              "isReserved": false,
              "kind": "Identifier",
              "literal": undefined,
              "location": {
                "end": {
                  "column": 29,
                  "line": 14,
                },
                "file": "",
                "start": {
                  "column": 23,
                  "line": 14,
                },
              },
              "text": "endfor",
            },
            "obj": Variable {
              "name": {
                "isReserved": false,
                "kind": "Identifier",
                "literal": undefined,
                "location": {
                  "end": {
                    "column": 22,
                    "line": 14,
                  },
                  "file": "",
                  "start": {
                    "column": 16,
                    "line": 14,
                  },
                },
                "text": "person",
              },
            },
            "value": Literal {
              "_location": {
                "end": {
                  "column": 36,
                  "line": 14,
                },
                "file": "",
                "start": {
                  "column": 32,
                  "line": 14,
                },
              },
              "value": BrsBoolean {
                "inArray": false,
                "kind": 2,
                "value": true,
              },
            },
          },
          DottedSet {
            "name": {
              "isReserved": false,
              "kind": "Identifier",
              "literal": undefined,
              "location": {
                "end": {
                  "column": 34,
                  "line": 15,
                },
                "file": "",
                "start": {
                  "column": 23,
                  "line": 15,
                },
              },
              "text": "endfunction",
            },
            "obj": Variable {
              "name": {
                "isReserved": false,
                "kind": "Identifier",
                "literal": undefined,
                "location": {
                  "end": {
                    "column": 22,
                    "line": 15,
                  },
                  "file": "",
                  "start": {
                    "column": 16,
                    "line": 15,
                  },
                },
                "text": "person",
              },
            },
            "value": Literal {
              "_location": {
                "end": {
                  "column": 41,
                  "line": 15,
                },
                "file": "",
                "start": {
                  "column": 37,
                  "line": 15,
                },
              },
              "value": BrsBoolean {
                "inArray": false,
                "kind": 2,
                "value": true,
              },
            },
          },
          DottedSet {
            "name": {
              "isReserved": false,
              "kind": "Identifier",
              "literal": undefined,
              "location": {
                "end": {
                  "column": 28,
                  "line": 16,
                },
                "file": "",
                "start": {
                  "column": 23,
                  "line": 16,
                },
              },
              "text": "endif",
            },
            "obj": Variable {
              "name": {
                "isReserved": false,
                "kind": "Identifier",
                "literal": undefined,
                "location": {
                  "end": {
                    "column": 22,
                    "line": 16,
                  },
                  "file": "",
                  "start": {
                    "column": 16,
                    "line": 16,
                  },
                },
                "text": "person",
              },
            },
            "value": Literal {
              "_location": {
                "end": {
                  "column": 35,
                  "line": 16,
                },
                "file": "",
                "start": {
                  "column": 31,
                  "line": 16,
                },
              },
              "value": BrsBoolean {
                "inArray": false,
                "kind": 2,
                "value": true,
              },
            },
          },
          DottedSet {
            "name": {
              "isReserved": true,
              "kind": "Identifier",
              "literal": undefined,
              "location": {
                "end": {
                  "column": 29,
                  "line": 17,
                },
                "file": "",
                "start": {
                  "column": 23,
                  "line": 17,
                },
              },
              "text": "endsub",
            },
            "obj": Variable {
              "name": {
                "isReserved": false,
                "kind": "Identifier",
                "literal": undefined,
                "location": {
                  "end": {
                    "column": 22,
                    "line": 17,
                  },
                  "file": "",
                  "start": {
                    "column": 16,
                    "line": 17,
                  },
                },
                "text": "person",
              },
            },
            "value": Literal {
              "_location": {
                "end": {
                  "column": 36,
                  "line": 17,
                },
                "file": "",
                "start": {
                  "column": 32,
                  "line": 17,
                },
              },
              "value": BrsBoolean {
                "inArray": false,
                "kind": 2,
                "value": true,
              },
            },
          },
          DottedSet {
            "name": {
              "isReserved": true,
              "kind": "Identifier",
              "literal": undefined,
              "location": {
                "end": {
                  "column": 31,
                  "line": 18,
                },
                "file": "",
                "start": {
                  "column": 23,
                  "line": 18,
                },
              },
              "text": "endwhile",
            },
            "obj": Variable {
              "name": {
                "isReserved": false,
                "kind": "Identifier",
                "literal": undefined,
                "location": {
                  "end": {
                    "column": 22,
                    "line": 18,
                  },
                  "file": "",
                  "start": {
                    "column": 16,
                    "line": 18,
                  },
                },
                "text": "person",
              },
            },
            "value": Literal {
              "_location": {
                "end": {
                  "column": 38,
                  "line": 18,
                },
                "file": "",
                "start": {
                  "column": 34,
                  "line": 18,
                },
              },
              "value": BrsBoolean {
                "inArray": false,
                "kind": 2,
                "value": true,
              },
            },
          },
          DottedSet {
            "name": {
              "isReserved": true,
              "kind": "Identifier",
              "literal": undefined,
              "location": {
                "end": {
                  "column": 27,
                  "line": 19,
                },
                "file": "",
                "start": {
                  "column": 23,
                  "line": 19,
                },
              },
              "text": "eval",
            },
            "obj": Variable {
              "name": {
                "isReserved": false,
                "kind": "Identifier",
                "literal": undefined,
                "location": {
                  "end": {
                    "column": 22,
                    "line": 19,
                  },
                  "file": "",
                  "start": {
                    "column": 16,
                    "line": 19,
                  },
                },
                "text": "person",
              },
            },
            "value": Literal {
              "_location": {
                "end": {
                  "column": 34,
                  "line": 19,
                },
                "file": "",
                "start": {
                  "column": 30,
                  "line": 19,
                },
              },
              "value": BrsBoolean {
                "inArray": false,
                "kind": 2,
                "value": true,
              },
            },
          },
          DottedSet {
            "name": {
              "isReserved": true,
              "kind": "Identifier",
              "literal": undefined,
              "location": {
                "end": {
                  "column": 27,
                  "line": 20,
                },
                "file": "",
                "start": {
                  "column": 23,
                  "line": 20,
                },
              },
              "text": "exit",
            },
            "obj": Variable {
              "name": {
                "isReserved": false,
                "kind": "Identifier",
                "literal": undefined,
                "location": {
                  "end": {
                    "column": 22,
                    "line": 20,
                  },
                  "file": "",
                  "start": {
                    "column": 16,
                    "line": 20,
                  },
                },
                "text": "person",
              },
            },
            "value": Literal {
              "_location": {
                "end": {
                  "column": 34,
                  "line": 20,
                },
                "file": "",
                "start": {
                  "column": 30,
                  "line": 20,
                },
              },
              "value": BrsBoolean {
                "inArray": false,
                "kind": 2,
                "value": true,
              },
            },
          },
          DottedSet {
            "name": {
              "isReserved": false,
              "kind": "Identifier",
              "literal": undefined,
              "location": {
                "end": {
                  "column": 30,
                  "line": 21,
                },
                "file": "",
                "start": {
                  "column": 23,
                  "line": 21,
                },
              },
              "text": "exitfor",
            },
            "obj": Variable {
              "name": {
                "isReserved": false,
                "kind": "Identifier",
                "literal": undefined,
                "location": {
                  "end": {
                    "column": 22,
                    "line": 21,
                  },
                  "file": "",
                  "start": {
                    "column": 16,
                    "line": 21,
                  },
                },
                "text": "person",
              },
            },
            "value": Literal {
              "_location": {
                "end": {
                  "column": 37,
                  "line": 21,
                },
                "file": "",
                "start": {
                  "column": 33,
                  "line": 21,
                },
              },
              "value": BrsBoolean {
                "inArray": false,
                "kind": 2,
                "value": true,
              },
            },
          },
          DottedSet {
            "name": {
              "isReserved": true,
              "kind": "Identifier",
              "literal": undefined,
              "location": {
                "end": {
                  "column": 32,
                  "line": 22,
                },
                "file": "",
                "start": {
                  "column": 23,
                  "line": 22,
                },
              },
              "text": "exitwhile",
            },
            "obj": Variable {
              "name": {
                "isReserved": false,
                "kind": "Identifier",
                "literal": undefined,
                "location": {
                  "end": {
                    "column": 22,
                    "line": 22,
                  },
                  "file": "",
                  "start": {
                    "column": 16,
                    "line": 22,
                  },
                },
                "text": "person",
              },
            },
            "value": Literal {
              "_location": {
                "end": {
                  "column": 39,
                  "line": 22,
                },
                "file": "",
                "start": {
                  "column": 35,
                  "line": 22,
                },
              },
              "value": BrsBoolean {
                "inArray": false,
                "kind": 2,
                "value": true,
              },
            },
          },
          DottedSet {
            "name": {
              "isReserved": true,
              "kind": "Identifier",
              "literal": undefined,
              "location": {
                "end": {
                  "column": 28,
                  "line": 23,
                },
                "file": "",
                "start": {
                  "column": 23,
                  "line": 23,
                },
              },
              "text": "false",
            },
            "obj": Variable {
              "name": {
                "isReserved": false,
                "kind": "Identifier",
                "literal": undefined,
                "location": {
                  "end": {
                    "column": 22,
                    "line": 23,
                  },
                  "file": "",
                  "start": {
                    "column": 16,
                    "line": 23,
                  },
                },
                "text": "person",
              },
            },
            "value": Literal {
              "_location": {
                "end": {
                  "column": 35,
                  "line": 23,
                },
                "file": "",
                "start": {
                  "column": 31,
                  "line": 23,
                },
              },
              "value": BrsBoolean {
                "inArray": false,
                "kind": 2,
                "value": true,
              },
            },
          },
          DottedSet {
            "name": {
              "isReserved": false,
              "kind": "Identifier",
              "literal": undefined,
              "location": {
                "end": {
                  "column": 28,
                  "line": 24,
                },
                "file": "",
                "start": {
                  "column": 23,
                  "line": 24,
                },
              },
              "text": "float",
            },
            "obj": Variable {
              "name": {
                "isReserved": false,
                "kind": "Identifier",
                "literal": undefined,
                "location": {
                  "end": {
                    "column": 22,
                    "line": 24,
                  },
                  "file": "",
                  "start": {
                    "column": 16,
                    "line": 24,
                  },
                },
                "text": "person",
              },
            },
            "value": Literal {
              "_location": {
                "end": {
                  "column": 35,
                  "line": 24,
                },
                "file": "",
                "start": {
                  "column": 31,
                  "line": 24,
                },
              },
              "value": BrsBoolean {
                "inArray": false,
                "kind": 2,
                "value": true,
              },
            },
          },
          DottedSet {
            "name": {
              "isReserved": true,
              "kind": "Identifier",
              "literal": undefined,
              "location": {
                "end": {
                  "column": 26,
                  "line": 25,
                },
                "file": "",
                "start": {
                  "column": 23,
                  "line": 25,
                },
              },
              "text": "for",
            },
            "obj": Variable {
              "name": {
                "isReserved": false,
                "kind": "Identifier",
                "literal": undefined,
                "location": {
                  "end": {
                    "column": 22,
                    "line": 25,
                  },
                  "file": "",
                  "start": {
                    "column": 16,
                    "line": 25,
                  },
                },
                "text": "person",
              },
            },
            "value": Literal {
              "_location": {
                "end": {
                  "column": 33,
                  "line": 25,
                },
                "file": "",
                "start": {
                  "column": 29,
                  "line": 25,
                },
              },
              "value": BrsBoolean {
                "inArray": false,
                "kind": 2,
                "value": true,
              },
            },
          },
          DottedSet {
            "name": {
              "isReserved": false,
              "kind": "Identifier",
              "literal": undefined,
              "location": {
                "end": {
                  "column": 30,
                  "line": 26,
                },
                "file": "",
                "start": {
                  "column": 23,
                  "line": 26,
                },
              },
              "text": "foreach",
            },
            "obj": Variable {
              "name": {
                "isReserved": false,
                "kind": "Identifier",
                "literal": undefined,
                "location": {
                  "end": {
                    "column": 22,
                    "line": 26,
                  },
                  "file": "",
                  "start": {
                    "column": 16,
                    "line": 26,
                  },
                },
                "text": "person",
              },
            },
            "value": Literal {
              "_location": {
                "end": {
                  "column": 37,
                  "line": 26,
                },
                "file": "",
                "start": {
                  "column": 33,
                  "line": 26,
                },
              },
              "value": BrsBoolean {
                "inArray": false,
                "kind": 2,
                "value": true,
              },
            },
          },
          DottedSet {
            "name": {
              "isReserved": true,
              "kind": "Identifier",
              "literal": undefined,
              "location": {
                "end": {
                  "column": 31,
                  "line": 27,
                },
                "file": "",
                "start": {
                  "column": 23,
                  "line": 27,
                },
              },
              "text": "function",
            },
            "obj": Variable {
              "name": {
                "isReserved": false,
                "kind": "Identifier",
                "literal": undefined,
                "location": {
                  "end": {
                    "column": 22,
                    "line": 27,
                  },
                  "file": "",
                  "start": {
                    "column": 16,
                    "line": 27,
                  },
                },
                "text": "person",
              },
            },
            "value": Literal {
              "_location": {
                "end": {
                  "column": 38,
                  "line": 27,
                },
                "file": "",
                "start": {
                  "column": 34,
                  "line": 27,
                },
              },
              "value": BrsBoolean {
                "inArray": false,
                "kind": 2,
                "value": true,
              },
            },
          },
          DottedSet {
            "name": {
              "isReserved": true,
              "kind": "Identifier",
              "literal": undefined,
              "location": {
                "end": {
                  "column": 34,
                  "line": 28,
                },
                "file": "",
                "start": {
                  "column": 23,
                  "line": 28,
                },
              },
              "text": "getglobalaa",
            },
            "obj": Variable {
              "name": {
                "isReserved": false,
                "kind": "Identifier",
                "literal": undefined,
                "location": {
                  "end": {
                    "column": 22,
                    "line": 28,
                  },
                  "file": "",
                  "start": {
                    "column": 16,
                    "line": 28,
                  },
                },
                "text": "person",
              },
            },
            "value": Literal {
              "_location": {
                "end": {
                  "column": 41,
                  "line": 28,
                },
                "file": "",
                "start": {
                  "column": 37,
                  "line": 28,
                },
              },
              "value": BrsBoolean {
                "inArray": false,
                "kind": 2,
                "value": true,
              },
            },
          },
          DottedSet {
            "name": {
              "isReserved": true,
              "kind": "Identifier",
              "literal": undefined,
              "location": {
                "end": {
                  "column": 45,
                  "line": 29,
                },
                "file": "",
                "start": {
                  "column": 23,
                  "line": 29,
                },
              },
              "text": "getlastruncompileerror",
            },
            "obj": Variable {
              "name": {
                "isReserved": false,
                "kind": "Identifier",
                "literal": undefined,
                "location": {
                  "end": {
                    "column": 22,
                    "line": 29,
                  },
                  "file": "",
                  "start": {
                    "column": 16,
                    "line": 29,
                  },
                },
                "text": "person",
              },
            },
            "value": Literal {
              "_location": {
                "end": {
                  "column": 52,
                  "line": 29,
                },
                "file": "",
                "start": {
                  "column": 48,
                  "line": 29,
                },
              },
              "value": BrsBoolean {
                "inArray": false,
                "kind": 2,
                "value": true,
              },
            },
          },
          DottedSet {
            "name": {
              "isReserved": true,
              "kind": "Identifier",
              "literal": undefined,
              "location": {
                "end": {
                  "column": 45,
                  "line": 30,
                },
                "file": "",
                "start": {
                  "column": 23,
                  "line": 30,
                },
              },
              "text": "getlastrunruntimeerror",
            },
            "obj": Variable {
              "name": {
                "isReserved": false,
                "kind": "Identifier",
                "literal": undefined,
                "location": {
                  "end": {
                    "column": 22,
                    "line": 30,
                  },
                  "file": "",
                  "start": {
                    "column": 16,
                    "line": 30,
                  },
                },
                "text": "person",
              },
            },
            "value": Literal {
              "_location": {
                "end": {
                  "column": 52,
                  "line": 30,
                },
                "file": "",
                "start": {
                  "column": 48,
                  "line": 30,
                },
              },
              "value": BrsBoolean {
                "inArray": false,
                "kind": 2,
                "value": true,
              },
            },
          },
          DottedSet {
            "name": {
              "isReserved": true,
              "kind": "Identifier",
              "literal": undefined,
              "location": {
                "end": {
                  "column": 27,
                  "line": 31,
                },
                "file": "",
                "start": {
                  "column": 23,
                  "line": 31,
                },
              },
              "text": "goto",
            },
            "obj": Variable {
              "name": {
                "isReserved": false,
                "kind": "Identifier",
                "literal": undefined,
                "location": {
                  "end": {
                    "column": 22,
                    "line": 31,
                  },
                  "file": "",
                  "start": {
                    "column": 16,
                    "line": 31,
                  },
                },
                "text": "person",
              },
            },
            "value": Literal {
              "_location": {
                "end": {
                  "column": 34,
                  "line": 31,
                },
                "file": "",
                "start": {
                  "column": 30,
                  "line": 31,
                },
              },
              "value": BrsBoolean {
                "inArray": false,
                "kind": 2,
                "value": true,
              },
            },
          },
          DottedSet {
            "name": {
              "isReserved": true,
              "kind": "Identifier",
              "literal": undefined,
              "location": {
                "end": {
                  "column": 25,
                  "line": 32,
                },
                "file": "",
                "start": {
                  "column": 23,
                  "line": 32,
                },
              },
              "text": "if",
            },
            "obj": Variable {
              "name": {
                "isReserved": false,
                "kind": "Identifier",
                "literal": undefined,
                "location": {
                  "end": {
                    "column": 22,
                    "line": 32,
                  },
                  "file": "",
                  "start": {
                    "column": 16,
                    "line": 32,
                  },
                },
                "text": "person",
              },
            },
            "value": Literal {
              "_location": {
                "end": {
                  "column": 32,
                  "line": 32,
                },
                "file": "",
                "start": {
                  "column": 28,
                  "line": 32,
                },
              },
              "value": BrsBoolean {
                "inArray": false,
                "kind": 2,
                "value": true,
              },
            },
          },
          DottedSet {
            "name": {
              "isReserved": false,
              "kind": "Identifier",
              "literal": undefined,
              "location": {
                "end": {
                  "column": 30,
                  "line": 33,
                },
                "file": "",
                "start": {
                  "column": 23,
                  "line": 33,
                },
              },
              "text": "integer",
            },
            "obj": Variable {
              "name": {
                "isReserved": false,
                "kind": "Identifier",
                "literal": undefined,
                "location": {
                  "end": {
                    "column": 22,
                    "line": 33,
                  },
                  "file": "",
                  "start": {
                    "column": 16,
                    "line": 33,
                  },
                },
                "text": "person",
              },
            },
            "value": Literal {
              "_location": {
                "end": {
                  "column": 37,
                  "line": 33,
                },
                "file": "",
                "start": {
                  "column": 33,
                  "line": 33,
                },
              },
              "value": BrsBoolean {
                "inArray": false,
                "kind": 2,
                "value": true,
              },
            },
          },
          DottedSet {
            "name": {
              "isReserved": true,
              "kind": "Identifier",
              "literal": undefined,
              "location": {
                "end": {
                  "column": 30,
                  "line": 34,
                },
                "file": "",
                "start": {
                  "column": 23,
                  "line": 34,
                },
              },
              "text": "invalid",
            },
            "obj": Variable {
              "name": {
                "isReserved": false,
                "kind": "Identifier",
                "literal": undefined,
                "location": {
                  "end": {
                    "column": 22,
                    "line": 34,
                  },
                  "file": "",
                  "start": {
                    "column": 16,
                    "line": 34,
                  },
                },
                "text": "person",
              },
            },
            "value": Literal {
              "_location": {
                "end": {
                  "column": 37,
                  "line": 34,
                },
                "file": "",
                "start": {
                  "column": 33,
                  "line": 34,
                },
              },
              "value": BrsBoolean {
                "inArray": false,
                "kind": 2,
                "value": true,
              },
            },
          },
          DottedSet {
            "name": {
              "isReserved": true,
              "kind": "Identifier",
              "literal": undefined,
              "location": {
                "end": {
                  "column": 26,
                  "line": 35,
                },
                "file": "",
                "start": {
                  "column": 23,
                  "line": 35,
                },
              },
              "text": "let",
            },
            "obj": Variable {
              "name": {
                "isReserved": false,
                "kind": "Identifier",
                "literal": undefined,
                "location": {
                  "end": {
                    "column": 22,
                    "line": 35,
                  },
                  "file": "",
                  "start": {
                    "column": 16,
                    "line": 35,
                  },
                },
                "text": "person",
              },
            },
            "value": Literal {
              "_location": {
                "end": {
                  "column": 33,
                  "line": 35,
                },
                "file": "",
                "start": {
                  "column": 29,
                  "line": 35,
                },
              },
              "value": BrsBoolean {
                "inArray": false,
                "kind": 2,
                "value": true,
              },
            },
          },
          DottedSet {
            "name": {
              "isReserved": true,
              "kind": "Identifier",
              "literal": undefined,
              "location": {
                "end": {
                  "column": 31,
                  "line": 36,
                },
                "file": "",
                "start": {
                  "column": 23,
                  "line": 36,
                },
              },
              "text": "line_num",
            },
            "obj": Variable {
              "name": {
                "isReserved": false,
                "kind": "Identifier",
                "literal": undefined,
                "location": {
                  "end": {
                    "column": 22,
                    "line": 36,
                  },
                  "file": "",
                  "start": {
                    "column": 16,
                    "line": 36,
                  },
                },
                "text": "person",
              },
            },
            "value": Literal {
              "_location": {
                "end": {
                  "column": 38,
                  "line": 36,
                },
                "file": "",
                "start": {
                  "column": 34,
                  "line": 36,
                },
              },
              "value": BrsBoolean {
                "inArray": false,
                "kind": 2,
                "value": true,
              },
            },
          },
          DottedSet {
            "name": {
              "isReserved": false,
              "kind": "Identifier",
              "literal": undefined,
              "location": {
                "end": {
                  "column": 34,
                  "line": 37,
                },
                "file": "",
                "start": {
                  "column": 23,
                  "line": 37,
                },
              },
              "text": "longinteger",
            },
            "obj": Variable {
              "name": {
                "isReserved": false,
                "kind": "Identifier",
                "literal": undefined,
                "location": {
                  "end": {
                    "column": 22,
                    "line": 37,
                  },
                  "file": "",
                  "start": {
                    "column": 16,
                    "line": 37,
                  },
                },
                "text": "person",
              },
            },
            "value": Literal {
              "_location": {
                "end": {
                  "column": 41,
                  "line": 37,
                },
                "file": "",
                "start": {
                  "column": 37,
                  "line": 37,
                },
              },
              "value": BrsBoolean {
                "inArray": false,
                "kind": 2,
                "value": true,
              },
            },
          },
          DottedSet {
            "name": {
              "isReserved": true,
              "kind": "Identifier",
              "literal": undefined,
              "location": {
                "end": {
                  "column": 27,
                  "line": 38,
                },
                "file": "",
                "start": {
                  "column": 23,
                  "line": 38,
                },
              },
              "text": "next",
            },
            "obj": Variable {
              "name": {
                "isReserved": false,
                "kind": "Identifier",
                "literal": undefined,
                "location": {
                  "end": {
                    "column": 22,
                    "line": 38,
                  },
                  "file": "",
                  "start": {
                    "column": 16,
                    "line": 38,
                  },
                },
                "text": "person",
              },
            },
            "value": Literal {
              "_location": {
                "end": {
                  "column": 34,
                  "line": 38,
                },
                "file": "",
                "start": {
                  "column": 30,
                  "line": 38,
                },
              },
              "value": BrsBoolean {
                "inArray": false,
                "kind": 2,
                "value": true,
              },
            },
          },
          DottedSet {
            "name": {
              "isReserved": true,
              "kind": "Identifier",
              "literal": undefined,
              "location": {
                "end": {
                  "column": 26,
                  "line": 39,
                },
                "file": "",
                "start": {
                  "column": 23,
                  "line": 39,
                },
              },
              "text": "not",
            },
            "obj": Variable {
              "name": {
                "isReserved": false,
                "kind": "Identifier",
                "literal": undefined,
                "location": {
                  "end": {
                    "column": 22,
                    "line": 39,
                  },
                  "file": "",
                  "start": {
                    "column": 16,
                    "line": 39,
                  },
                },
                "text": "person",
              },
            },
            "value": Literal {
              "_location": {
                "end": {
                  "column": 33,
                  "line": 39,
                },
                "file": "",
                "start": {
                  "column": 29,
                  "line": 39,
                },
              },
              "value": BrsBoolean {
                "inArray": false,
                "kind": 2,
                "value": true,
              },
            },
          },
          DottedSet {
            "name": {
              "isReserved": true,
              "kind": "Identifier",
              "literal": undefined,
              "location": {
                "end": {
                  "column": 29,
                  "line": 40,
                },
                "file": "",
                "start": {
                  "column": 23,
                  "line": 40,
                },
              },
              "text": "objfun",
            },
            "obj": Variable {
              "name": {
                "isReserved": false,
                "kind": "Identifier",
                "literal": undefined,
                "location": {
                  "end": {
                    "column": 22,
                    "line": 40,
                  },
                  "file": "",
                  "start": {
                    "column": 16,
                    "line": 40,
                  },
                },
                "text": "person",
              },
            },
            "value": Literal {
              "_location": {
                "end": {
                  "column": 36,
                  "line": 40,
                },
                "file": "",
                "start": {
                  "column": 32,
                  "line": 40,
                },
              },
              "value": BrsBoolean {
                "inArray": false,
                "kind": 2,
                "value": true,
              },
            },
          },
          DottedSet {
            "name": {
              "isReserved": true,
              "kind": "Identifier",
              "literal": undefined,
              "location": {
                "end": {
                  "column": 25,
                  "line": 41,
                },
                "file": "",
                "start": {
                  "column": 23,
                  "line": 41,
                },
              },
              "text": "or",
            },
            "obj": Variable {
              "name": {
                "isReserved": false,
                "kind": "Identifier",
                "literal": undefined,
                "location": {
                  "end": {
                    "column": 22,
                    "line": 41,
                  },
                  "file": "",
                  "start": {
                    "column": 16,
                    "line": 41,
                  },
                },
                "text": "person",
              },
            },
            "value": Literal {
              "_location": {
                "end": {
                  "column": 32,
                  "line": 41,
                },
                "file": "",
                "start": {
                  "column": 28,
                  "line": 41,
                },
              },
              "value": BrsBoolean {
                "inArray": false,
                "kind": 2,
                "value": true,
              },
            },
          },
          DottedSet {
            "name": {
              "isReserved": true,
              "kind": "Identifier",
              "literal": undefined,
              "location": {
                "end": {
                  "column": 26,
                  "line": 42,
                },
                "file": "",
                "start": {
                  "column": 23,
                  "line": 42,
                },
              },
              "text": "pos",
            },
            "obj": Variable {
              "name": {
                "isReserved": false,
                "kind": "Identifier",
                "literal": undefined,
                "location": {
                  "end": {
                    "column": 22,
                    "line": 42,
                  },
                  "file": "",
                  "start": {
                    "column": 16,
                    "line": 42,
                  },
                },
                "text": "person",
              },
            },
            "value": Literal {
              "_location": {
                "end": {
                  "column": 33,
                  "line": 42,
                },
                "file": "",
                "start": {
                  "column": 29,
                  "line": 42,
                },
              },
              "value": BrsBoolean {
                "inArray": false,
                "kind": 2,
                "value": true,
              },
            },
          },
          DottedSet {
            "name": {
              "isReserved": true,
              "kind": "Identifier",
              "literal": undefined,
              "location": {
                "end": {
                  "column": 28,
                  "line": 43,
                },
                "file": "",
                "start": {
                  "column": 23,
                  "line": 43,
                },
              },
              "text": "print",
            },
            "obj": Variable {
              "name": {
                "isReserved": false,
                "kind": "Identifier",
                "literal": undefined,
                "location": {
                  "end": {
                    "column": 22,
                    "line": 43,
                  },
                  "file": "",
                  "start": {
                    "column": 16,
                    "line": 43,
                  },
                },
                "text": "person",
              },
            },
            "value": Literal {
              "_location": {
                "end": {
                  "column": 35,
                  "line": 43,
                },
                "file": "",
                "start": {
                  "column": 31,
                  "line": 43,
                },
              },
              "value": BrsBoolean {
                "inArray": false,
                "kind": 2,
                "value": true,
              },
            },
          },
          DottedSet {
            "name": {
              "isReserved": true,
              "kind": "Identifier",
              "literal": undefined,
              "location": {
                "end": {
                  "column": 26,
                  "line": 44,
                },
                "file": "",
                "start": {
                  "column": 23,
                  "line": 44,
                },
              },
              "text": "rem",
            },
            "obj": Variable {
              "name": {
                "isReserved": false,
                "kind": "Identifier",
                "literal": undefined,
                "location": {
                  "end": {
                    "column": 22,
                    "line": 44,
                  },
                  "file": "",
                  "start": {
                    "column": 16,
                    "line": 44,
                  },
                },
                "text": "person",
              },
            },
            "value": Literal {
              "_location": {
                "end": {
                  "column": 33,
                  "line": 44,
                },
                "file": "",
                "start": {
                  "column": 29,
                  "line": 44,
                },
              },
              "value": BrsBoolean {
                "inArray": false,
                "kind": 2,
                "value": true,
              },
            },
          },
          DottedSet {
            "name": {
              "isReserved": true,
              "kind": "Identifier",
              "literal": undefined,
              "location": {
                "end": {
                  "column": 29,
                  "line": 45,
                },
                "file": "",
                "start": {
                  "column": 23,
                  "line": 45,
                },
              },
              "text": "return",
            },
            "obj": Variable {
              "name": {
                "isReserved": false,
                "kind": "Identifier",
                "literal": undefined,
                "location": {
                  "end": {
                    "column": 22,
                    "line": 45,
                  },
                  "file": "",
                  "start": {
                    "column": 16,
                    "line": 45,
                  },
                },
                "text": "person",
              },
            },
            "value": Literal {
              "_location": {
                "end": {
                  "column": 36,
                  "line": 45,
                },
                "file": "",
                "start": {
                  "column": 32,
                  "line": 45,
                },
              },
              "value": BrsBoolean {
                "inArray": false,
                "kind": 2,
                "value": true,
              },
            },
          },
          DottedSet {
            "name": {
              "isReserved": true,
              "kind": "Identifier",
              "literal": undefined,
              "location": {
                "end": {
                  "column": 26,
                  "line": 46,
                },
                "file": "",
                "start": {
                  "column": 23,
                  "line": 46,
                },
              },
              "text": "run",
            },
            "obj": Variable {
              "name": {
                "isReserved": false,
                "kind": "Identifier",
                "literal": undefined,
                "location": {
                  "end": {
                    "column": 22,
                    "line": 46,
                  },
                  "file": "",
                  "start": {
                    "column": 16,
                    "line": 46,
                  },
                },
                "text": "person",
              },
            },
            "value": Literal {
              "_location": {
                "end": {
                  "column": 33,
                  "line": 46,
                },
                "file": "",
                "start": {
                  "column": 29,
                  "line": 46,
                },
              },
              "value": BrsBoolean {
                "inArray": false,
                "kind": 2,
                "value": true,
              },
            },
          },
          DottedSet {
            "name": {
              "isReserved": true,
              "kind": "Identifier",
              "literal": undefined,
              "location": {
                "end": {
                  "column": 27,
                  "line": 47,
                },
                "file": "",
                "start": {
                  "column": 23,
                  "line": 47,
                },
              },
              "text": "step",
            },
            "obj": Variable {
              "name": {
                "isReserved": false,
                "kind": "Identifier",
                "literal": undefined,
                "location": {
                  "end": {
                    "column": 22,
                    "line": 47,
                  },
                  "file": "",
                  "start": {
                    "column": 16,
                    "line": 47,
                  },
                },
                "text": "person",
              },
            },
            "value": Literal {
              "_location": {
                "end": {
                  "column": 34,
                  "line": 47,
                },
                "file": "",
                "start": {
                  "column": 30,
                  "line": 47,
                },
              },
              "value": BrsBoolean {
                "inArray": false,
                "kind": 2,
                "value": true,
              },
            },
          },
          DottedSet {
            "name": {
              "isReserved": true,
              "kind": "Identifier",
              "literal": undefined,
              "location": {
                "end": {
                  "column": 27,
                  "line": 48,
                },
                "file": "",
                "start": {
                  "column": 23,
                  "line": 48,
                },
              },
              "text": "stop",
            },
            "obj": Variable {
              "name": {
                "isReserved": false,
                "kind": "Identifier",
                "literal": undefined,
                "location": {
                  "end": {
                    "column": 22,
                    "line": 48,
                  },
                  "file": "",
                  "start": {
                    "column": 16,
                    "line": 48,
                  },
                },
                "text": "person",
              },
            },
            "value": Literal {
              "_location": {
                "end": {
                  "column": 34,
                  "line": 48,
                },
                "file": "",
                "start": {
                  "column": 30,
                  "line": 48,
                },
              },
              "value": BrsBoolean {
                "inArray": false,
                "kind": 2,
                "value": true,
              },
            },
          },
          DottedSet {
            "name": {
              "isReserved": false,
              "kind": "Identifier",
              "literal": undefined,
              "location": {
                "end": {
                  "column": 29,
                  "line": 49,
                },
                "file": "",
                "start": {
                  "column": 23,
                  "line": 49,
                },
              },
              "text": "string",
            },
            "obj": Variable {
              "name": {
                "isReserved": false,
                "kind": "Identifier",
                "literal": undefined,
                "location": {
                  "end": {
                    "column": 22,
                    "line": 49,
                  },
                  "file": "",
                  "start": {
                    "column": 16,
                    "line": 49,
                  },
                },
                "text": "person",
              },
            },
            "value": Literal {
              "_location": {
                "end": {
                  "column": 36,
                  "line": 49,
                },
                "file": "",
                "start": {
                  "column": 32,
                  "line": 49,
                },
              },
              "value": BrsBoolean {
                "inArray": false,
                "kind": 2,
                "value": true,
              },
            },
          },
          DottedSet {
            "name": {
              "isReserved": true,
              "kind": "Identifier",
              "literal": undefined,
              "location": {
                "end": {
                  "column": 26,
                  "line": 50,
                },
                "file": "",
                "start": {
                  "column": 23,
                  "line": 50,
                },
              },
              "text": "sub",
            },
            "obj": Variable {
              "name": {
                "isReserved": false,
                "kind": "Identifier",
                "literal": undefined,
                "location": {
                  "end": {
                    "column": 22,
                    "line": 50,
                  },
                  "file": "",
                  "start": {
                    "column": 16,
                    "line": 50,
                  },
                },
                "text": "person",
              },
            },
            "value": Literal {
              "_location": {
                "end": {
                  "column": 33,
                  "line": 50,
                },
                "file": "",
                "start": {
                  "column": 29,
                  "line": 50,
                },
              },
              "value": BrsBoolean {
                "inArray": false,
                "kind": 2,
                "value": true,
              },
            },
          },
          DottedSet {
            "name": {
              "isReserved": true,
              "kind": "Identifier",
              "literal": undefined,
              "location": {
                "end": {
                  "column": 26,
                  "line": 51,
                },
                "file": "",
                "start": {
                  "column": 23,
                  "line": 51,
                },
              },
              "text": "tab",
            },
            "obj": Variable {
              "name": {
                "isReserved": false,
                "kind": "Identifier",
                "literal": undefined,
                "location": {
                  "end": {
                    "column": 22,
                    "line": 51,
                  },
                  "file": "",
                  "start": {
                    "column": 16,
                    "line": 51,
                  },
                },
                "text": "person",
              },
            },
            "value": Literal {
              "_location": {
                "end": {
                  "column": 33,
                  "line": 51,
                },
                "file": "",
                "start": {
                  "column": 29,
                  "line": 51,
                },
              },
              "value": BrsBoolean {
                "inArray": false,
                "kind": 2,
                "value": true,
              },
            },
          },
          DottedSet {
            "name": {
              "isReserved": true,
              "kind": "Identifier",
              "literal": undefined,
              "location": {
                "end": {
                  "column": 27,
                  "line": 52,
                },
                "file": "",
                "start": {
                  "column": 23,
                  "line": 52,
                },
              },
              "text": "then",
            },
            "obj": Variable {
              "name": {
                "isReserved": false,
                "kind": "Identifier",
                "literal": undefined,
                "location": {
                  "end": {
                    "column": 22,
                    "line": 52,
                  },
                  "file": "",
                  "start": {
                    "column": 16,
                    "line": 52,
                  },
                },
                "text": "person",
              },
            },
            "value": Literal {
              "_location": {
                "end": {
                  "column": 34,
                  "line": 52,
                },
                "file": "",
                "start": {
                  "column": 30,
                  "line": 52,
                },
              },
              "value": BrsBoolean {
                "inArray": false,
                "kind": 2,
                "value": true,
              },
            },
          },
          DottedSet {
            "name": {
              "isReserved": true,
              "kind": "Identifier",
              "literal": undefined,
              "location": {
                "end": {
                  "column": 25,
                  "line": 53,
                },
                "file": "",
                "start": {
                  "column": 23,
                  "line": 53,
                },
              },
              "text": "to",
            },
            "obj": Variable {
              "name": {
                "isReserved": false,
                "kind": "Identifier",
                "literal": undefined,
                "location": {
                  "end": {
                    "column": 22,
                    "line": 53,
                  },
                  "file": "",
                  "start": {
                    "column": 16,
                    "line": 53,
                  },
                },
                "text": "person",
              },
            },
            "value": Literal {
              "_location": {
                "end": {
                  "column": 32,
                  "line": 53,
                },
                "file": "",
                "start": {
                  "column": 28,
                  "line": 53,
                },
              },
              "value": BrsBoolean {
                "inArray": false,
                "kind": 2,
                "value": true,
              },
            },
          },
          DottedSet {
            "name": {
              "isReserved": true,
              "kind": "Identifier",
              "literal": undefined,
              "location": {
                "end": {
                  "column": 27,
                  "line": 54,
                },
                "file": "",
                "start": {
                  "column": 23,
                  "line": 54,
                },
              },
              "text": "true",
            },
            "obj": Variable {
              "name": {
                "isReserved": false,
                "kind": "Identifier",
                "literal": undefined,
                "location": {
                  "end": {
                    "column": 22,
                    "line": 54,
                  },
                  "file": "",
                  "start": {
                    "column": 16,
                    "line": 54,
                  },
                },
                "text": "person",
              },
            },
            "value": Literal {
              "_location": {
                "end": {
                  "column": 34,
                  "line": 54,
                },
                "file": "",
                "start": {
                  "column": 30,
                  "line": 54,
                },
              },
              "value": BrsBoolean {
                "inArray": false,
                "kind": 2,
                "value": true,
              },
            },
          },
          DottedSet {
            "name": {
              "isReserved": true,
              "kind": "Identifier",
              "literal": undefined,
              "location": {
                "end": {
                  "column": 26,
                  "line": 55,
                },
                "file": "",
                "start": {
                  "column": 23,
                  "line": 55,
                },
              },
              "text": "try",
            },
            "obj": Variable {
              "name": {
                "isReserved": false,
                "kind": "Identifier",
                "literal": undefined,
                "location": {
                  "end": {
                    "column": 22,
                    "line": 55,
                  },
                  "file": "",
                  "start": {
                    "column": 16,
                    "line": 55,
                  },
                },
                "text": "person",
              },
            },
            "value": Literal {
              "_location": {
                "end": {
                  "column": 33,
                  "line": 55,
                },
                "file": "",
                "start": {
                  "column": 29,
                  "line": 55,
                },
              },
              "value": BrsBoolean {
                "inArray": false,
                "kind": 2,
                "value": true,
              },
            },
          },
          DottedSet {
            "name": {
              "isReserved": true,
              "kind": "Identifier",
              "literal": undefined,
              "location": {
                "end": {
                  "column": 27,
                  "line": 56,
                },
                "file": "",
                "start": {
                  "column": 23,
                  "line": 56,
                },
              },
              "text": "type",
            },
            "obj": Variable {
              "name": {
                "isReserved": false,
                "kind": "Identifier",
                "literal": undefined,
                "location": {
                  "end": {
                    "column": 22,
                    "line": 56,
                  },
                  "file": "",
                  "start": {
                    "column": 16,
                    "line": 56,
                  },
                },
                "text": "person",
              },
            },
            "value": Literal {
              "_location": {
                "end": {
                  "column": 34,
                  "line": 56,
                },
                "file": "",
                "start": {
                  "column": 30,
                  "line": 56,
                },
              },
              "value": BrsBoolean {
                "inArray": false,
                "kind": 2,
                "value": true,
              },
            },
          },
          DottedSet {
            "name": {
              "isReserved": true,
              "kind": "Identifier",
              "literal": undefined,
              "location": {
                "end": {
                  "column": 28,
                  "line": 57,
                },
                "file": "",
                "start": {
                  "column": 23,
                  "line": 57,
                },
              },
              "text": "while",
            },
            "obj": Variable {
              "name": {
                "isReserved": false,
                "kind": "Identifier",
                "literal": undefined,
                "location": {
                  "end": {
                    "column": 22,
                    "line": 57,
                  },
                  "file": "",
                  "start": {
                    "column": 16,
                    "line": 57,
                  },
                },
                "text": "person",
              },
            },
            "value": Literal {
              "_location": {
                "end": {
                  "column": 35,
                  "line": 57,
                },
                "file": "",
                "start": {
                  "column": 31,
                  "line": 57,
                },
              },
              "value": BrsBoolean {
                "inArray": false,
                "kind": 2,
                "value": true,
              },
            },
          },
        ],
      },
      "end": {
        "isReserved": false,
        "kind": "EndSub",
        "literal": undefined,
        "location": {
          "end": {
            "column": 19,
            "line": 58,
          },
          "file": "",
          "start": {
            "column": 12,
            "line": 58,
          },
        },
        "text": "end sub",
      },
      "keyword": {
        "isReserved": true,
        "kind": "Sub",
        "literal": undefined,
        "location": {
          "end": {
            "column": 15,
            "line": 2,
          },
          "file": "",
          "start": {
            "column": 12,
            "line": 2,
          },
        },
        "text": "sub",
      },
      "parameters": [],
      "returns": 11,
    },
    "name": {
      "isReserved": false,
      "kind": "Identifier",
      "literal": undefined,
      "location": {
        "end": {
          "column": 20,
          "line": 2,
        },
        "file": "",
        "start": {
          "column": 16,
          "line": 2,
        },
      },
      "text": "Main",
    },
  },
]
`;

exports[`parser certain reserved words are allowed as local var identifiers 1`] = `
[
  Function {
    "func": Function {
      "body": Block {
        "location": {
          "end": {
            "column": 12,
            "line": 11,
          },
          "file": "",
          "start": {
            "column": 22,
            "line": 2,
          },
        },
        "statements": [
          Assignment {
            "name": {
              "isReserved": false,
              "kind": "EndFor",
              "literal": undefined,
              "location": {
                "end": {
                  "column": 22,
                  "line": 3,
                },
                "file": "",
                "start": {
                  "column": 16,
                  "line": 3,
                },
              },
              "text": "endfor",
            },
            "tokens": {
              "equals": {
                "isReserved": false,
                "kind": "Equal",
                "literal": undefined,
                "location": {
                  "end": {
                    "column": 24,
                    "line": 3,
                  },
                  "file": "",
                  "start": {
                    "column": 23,
                    "line": 3,
                  },
                },
                "text": "=",
              },
            },
            "value": Literal {
              "_location": {
                "end": {
                  "column": 29,
                  "line": 3,
                },
                "file": "",
                "start": {
                  "column": 25,
                  "line": 3,
                },
              },
              "value": BrsBoolean {
                "inArray": false,
                "kind": 2,
                "value": true,
              },
            },
          },
          Assignment {
            "name": {
              "isReserved": false,
              "kind": "Identifier",
              "literal": undefined,
              "location": {
                "end": {
                  "column": 22,
                  "line": 4,
                },
                "file": "",
                "start": {
                  "column": 16,
                  "line": 4,
                },
              },
              "text": "double",
            },
            "tokens": {
              "equals": {
                "isReserved": false,
                "kind": "Equal",
                "literal": undefined,
                "location": {
                  "end": {
                    "column": 24,
                    "line": 4,
                  },
                  "file": "",
                  "start": {
                    "column": 23,
                    "line": 4,
                  },
                },
                "text": "=",
              },
            },
            "value": Literal {
              "_location": {
                "end": {
                  "column": 29,
                  "line": 4,
                },
                "file": "",
                "start": {
                  "column": 25,
                  "line": 4,
                },
              },
              "value": BrsBoolean {
                "inArray": false,
                "kind": 2,
                "value": true,
              },
            },
          },
          Assignment {
            "name": {
              "isReserved": false,
              "kind": "Identifier",
              "literal": undefined,
              "location": {
                "end": {
                  "column": 23,
                  "line": 5,
                },
                "file": "",
                "start": {
                  "column": 16,
                  "line": 5,
                },
              },
              "text": "exitfor",
            },
            "tokens": {
              "equals": {
                "isReserved": false,
                "kind": "Equal",
                "literal": undefined,
                "location": {
                  "end": {
                    "column": 25,
                    "line": 5,
                  },
                  "file": "",
                  "start": {
                    "column": 24,
                    "line": 5,
                  },
                },
                "text": "=",
              },
            },
            "value": Literal {
              "_location": {
                "end": {
                  "column": 30,
                  "line": 5,
                },
                "file": "",
                "start": {
                  "column": 26,
                  "line": 5,
                },
              },
              "value": BrsBoolean {
                "inArray": false,
                "kind": 2,
                "value": true,
              },
            },
          },
          Assignment {
            "name": {
              "isReserved": false,
              "kind": "Identifier",
              "literal": undefined,
              "location": {
                "end": {
                  "column": 21,
                  "line": 6,
                },
                "file": "",
                "start": {
                  "column": 16,
                  "line": 6,
                },
              },
              "text": "float",
            },
            "tokens": {
              "equals": {
                "isReserved": false,
                "kind": "Equal",
                "literal": undefined,
                "location": {
                  "end": {
                    "column": 23,
                    "line": 6,
                  },
                  "file": "",
                  "start": {
                    "column": 22,
                    "line": 6,
                  },
                },
                "text": "=",
              },
            },
            "value": Literal {
              "_location": {
                "end": {
                  "column": 28,
                  "line": 6,
                },
                "file": "",
                "start": {
                  "column": 24,
                  "line": 6,
                },
              },
              "value": BrsBoolean {
                "inArray": false,
                "kind": 2,
                "value": true,
              },
            },
          },
          Assignment {
            "name": {
              "isReserved": false,
              "kind": "Identifier",
              "literal": undefined,
              "location": {
                "end": {
                  "column": 23,
                  "line": 7,
                },
                "file": "",
                "start": {
                  "column": 16,
                  "line": 7,
                },
              },
              "text": "foreach",
            },
            "tokens": {
              "equals": {
                "isReserved": false,
                "kind": "Equal",
                "literal": undefined,
                "location": {
                  "end": {
                    "column": 25,
                    "line": 7,
                  },
                  "file": "",
                  "start": {
                    "column": 24,
                    "line": 7,
                  },
                },
                "text": "=",
              },
            },
            "value": Literal {
              "_location": {
                "end": {
                  "column": 30,
                  "line": 7,
                },
                "file": "",
                "start": {
                  "column": 26,
                  "line": 7,
                },
              },
              "value": BrsBoolean {
                "inArray": false,
                "kind": 2,
                "value": true,
              },
            },
          },
          Assignment {
            "name": {
              "isReserved": false,
              "kind": "Identifier",
              "literal": undefined,
              "location": {
                "end": {
                  "column": 23,
                  "line": 8,
                },
                "file": "",
                "start": {
                  "column": 16,
                  "line": 8,
                },
              },
              "text": "integer",
            },
            "tokens": {
              "equals": {
                "isReserved": false,
                "kind": "Equal",
                "literal": undefined,
                "location": {
                  "end": {
                    "column": 25,
                    "line": 8,
                  },
                  "file": "",
                  "start": {
                    "column": 24,
                    "line": 8,
                  },
                },
                "text": "=",
              },
            },
            "value": Literal {
              "_location": {
                "end": {
                  "column": 30,
                  "line": 8,
                },
                "file": "",
                "start": {
                  "column": 26,
                  "line": 8,
                },
              },
              "value": BrsBoolean {
                "inArray": false,
                "kind": 2,
                "value": true,
              },
            },
          },
          Assignment {
            "name": {
              "isReserved": false,
              "kind": "Identifier",
              "literal": undefined,
              "location": {
                "end": {
                  "column": 27,
                  "line": 9,
                },
                "file": "",
                "start": {
                  "column": 16,
                  "line": 9,
                },
              },
              "text": "longinteger",
            },
            "tokens": {
              "equals": {
                "isReserved": false,
                "kind": "Equal",
                "literal": undefined,
                "location": {
                  "end": {
                    "column": 29,
                    "line": 9,
                  },
                  "file": "",
                  "start": {
                    "column": 28,
                    "line": 9,
                  },
                },
                "text": "=",
              },
            },
            "value": Literal {
              "_location": {
                "end": {
                  "column": 34,
                  "line": 9,
                },
                "file": "",
                "start": {
                  "column": 30,
                  "line": 9,
                },
              },
              "value": BrsBoolean {
                "inArray": false,
                "kind": 2,
                "value": true,
              },
            },
          },
          Assignment {
            "name": {
              "isReserved": false,
              "kind": "Identifier",
              "literal": undefined,
              "location": {
                "end": {
                  "column": 22,
                  "line": 10,
                },
                "file": "",
                "start": {
                  "column": 16,
                  "line": 10,
                },
              },
              "text": "string",
            },
            "tokens": {
              "equals": {
                "isReserved": false,
                "kind": "Equal",
                "literal": undefined,
                "location": {
                  "end": {
                    "column": 24,
                    "line": 10,
                  },
                  "file": "",
                  "start": {
                    "column": 23,
                    "line": 10,
                  },
                },
                "text": "=",
              },
            },
            "value": Literal {
              "_location": {
                "end": {
                  "column": 29,
                  "line": 10,
                },
                "file": "",
                "start": {
                  "column": 25,
                  "line": 10,
                },
              },
              "value": BrsBoolean {
                "inArray": false,
                "kind": 2,
                "value": true,
              },
            },
          },
        ],
      },
      "end": {
        "isReserved": false,
        "kind": "EndSub",
        "literal": undefined,
        "location": {
          "end": {
            "column": 19,
            "line": 11,
          },
          "file": "",
          "start": {
            "column": 12,
            "line": 11,
          },
        },
        "text": "end sub",
      },
      "keyword": {
        "isReserved": true,
        "kind": "Sub",
        "literal": undefined,
        "location": {
          "end": {
            "column": 15,
            "line": 2,
          },
          "file": "",
          "start": {
            "column": 12,
            "line": 2,
          },
        },
        "text": "sub",
      },
      "parameters": [],
      "returns": 11,
    },
    "name": {
      "isReserved": false,
      "kind": "Identifier",
      "literal": undefined,
      "location": {
        "end": {
          "column": 20,
          "line": 2,
        },
        "file": "",
        "start": {
          "column": 16,
          "line": 2,
        },
      },
      "text": "Main",
    },
  },
]
`;

exports[`parser most reserved words are not allowed as local var identifiers 1`] = `[]`;
